---
source: api/tests/blocks_endpoints.rs
assertion_line: 189
expression: detail_normalized
---
{
  "hash": "0000000000000000000000000000000000000000000000000000000000000001",
  "height": 1,
  "height_offset": 0,
  "major_version": 1,
  "minor_version": 1,
  "reward_nanos": 0,
  "size_bytes": 1,
  "ts": 100,
  "tx_count": 3
}
